Compiling the CXX compiler identification source file "CMakeCXXCompilerId.cpp" failed.
Compiler: C:/Users/Sanna/AppData/Local/Android/Sdk/ndk/25.1.8937393/toolchains/llvm/prebuilt/windows-x86_64/bin/clang++.exe 
Build flags: -g;-DANDROID;-fdata-sections;-ffunction-sections;-funwind-tables;-fstack-protector-strong;-no-canonical-prefixes;-D_FORTIFY_SOURCE=2;-Wformat;-Werror=format-security;;-O3;-march=armv8-a+simd;-std=c++17
Id flags: -c;--target=x86_64-none-linux-android26 

The output was:
1
error: unknown target CPU 'armv8-a+simd'
note: valid target CPU values are: nocona, core2, penryn, bonnell, atom, silvermont, slm, goldmont, goldmont-plus, tremont, nehalem, corei7, westmere, sandybridge, corei7-avx, ivybridge, core-avx-i, haswell, core-avx2, broadwell, skylake, skylake-avx512, skx, cascadelake, cooperlake, cannonlake, icelake-client, rocketlake, icelake-server, tigerlake, sapphirerapids, alderlake, knl, knm, k8, athlon64, athlon-fx, opteron, k8-sse3, athlon64-sse3, opteron-sse3, amdfam10, barcelona, btver1, btver2, bdver1, bdver2, bdver3, bdver4, znver1, znver2, znver3, x86-64, x86-64-v2, x86-64-v3, x86-64-v4


Compiling the CXX compiler identification source file "CMakeCXXCompilerId.cpp" failed.
Compiler: C:/Users/Sanna/AppData/Local/Android/Sdk/ndk/25.1.8937393/toolchains/llvm/prebuilt/windows-x86_64/bin/clang++.exe 
Build flags: -g;-DANDROID;-fdata-sections;-ffunction-sections;-funwind-tables;-fstack-protector-strong;-no-canonical-prefixes;-D_FORTIFY_SOURCE=2;-Wformat;-Werror=format-security;;-O3;-march=armv8-a+simd;-std=c++17
Id flags:  

The output was:
1
error: unknown target CPU 'armv8-a+simd'
note: valid target CPU values are: nocona, core2, penryn, bonnell, atom, silvermont, slm, goldmont, goldmont-plus, tremont, nehalem, corei7, westmere, sandybridge, corei7-avx, ivybridge, core-avx-i, haswell, core-avx2, broadwell, skylake, skylake-avx512, skx, cascadelake, cooperlake, cannonlake, icelake-client, rocketlake, icelake-server, tigerlake, sapphirerapids, alderlake, knl, knm, k8, athlon64, athlon-fx, opteron, k8-sse3, athlon64-sse3, opteron-sse3, amdfam10, barcelona, btver1, btver2, bdver1, bdver2, bdver3, bdver4, znver1, znver2, znver3, x86-64, x86-64-v2, x86-64-v3, x86-64-v4


Compiling the CXX compiler identification source file "CMakeCXXCompilerId.cpp" failed.
Compiler: C:/Users/Sanna/AppData/Local/Android/Sdk/ndk/25.1.8937393/toolchains/llvm/prebuilt/windows-x86_64/bin/clang++.exe 
Build flags: -g;-DANDROID;-fdata-sections;-ffunction-sections;-funwind-tables;-fstack-protector-strong;-no-canonical-prefixes;-D_FORTIFY_SOURCE=2;-Wformat;-Werror=format-security;;-O3;-march=armv8-a+simd;-std=c++17
Id flags: -c 

The output was:
1
error: unknown target CPU 'armv8-a+simd'
note: valid target CPU values are: nocona, core2, penryn, bonnell, atom, silvermont, slm, goldmont, goldmont-plus, tremont, nehalem, corei7, westmere, sandybridge, corei7-avx, ivybridge, core-avx-i, haswell, core-avx2, broadwell, skylake, skylake-avx512, skx, cascadelake, cooperlake, cannonlake, icelake-client, rocketlake, icelake-server, tigerlake, sapphirerapids, alderlake, knl, knm, k8, athlon64, athlon-fx, opteron, k8-sse3, athlon64-sse3, opteron-sse3, amdfam10, barcelona, btver1, btver2, bdver1, bdver2, bdver3, bdver4, znver1, znver2, znver3, x86-64, x86-64-v2, x86-64-v3, x86-64-v4


Compiling the CXX compiler identification source file "CMakeCXXCompilerId.cpp" failed.
Compiler: C:/Users/Sanna/AppData/Local/Android/Sdk/ndk/25.1.8937393/toolchains/llvm/prebuilt/windows-x86_64/bin/clang++.exe 
Build flags: -g;-DANDROID;-fdata-sections;-ffunction-sections;-funwind-tables;-fstack-protector-strong;-no-canonical-prefixes;-D_FORTIFY_SOURCE=2;-Wformat;-Werror=format-security;;-O3;-march=armv8-a+simd;-std=c++17
Id flags: --c++ 

The output was:
1
clang++: error: unsupported option '--c++'


Compiling the CXX compiler identification source file "CMakeCXXCompilerId.cpp" failed.
Compiler: C:/Users/Sanna/AppData/Local/Android/Sdk/ndk/25.1.8937393/toolchains/llvm/prebuilt/windows-x86_64/bin/clang++.exe 
Build flags: -g;-DANDROID;-fdata-sections;-ffunction-sections;-funwind-tables;-fstack-protector-strong;-no-canonical-prefixes;-D_FORTIFY_SOURCE=2;-Wformat;-Werror=format-security;;-O3;-march=armv8-a+simd;-std=c++17
Id flags: --ec++ 

The output was:
1
clang++: error: unsupported option '--ec++'


Compiling the CXX compiler identification source file "CMakeCXXCompilerId.cpp" failed.
Compiler: C:/Users/Sanna/AppData/Local/Android/Sdk/ndk/25.1.8937393/toolchains/llvm/prebuilt/windows-x86_64/bin/clang++.exe 
Build flags: -g;-DANDROID;-fdata-sections;-ffunction-sections;-funwind-tables;-fstack-protector-strong;-no-canonical-prefixes;-D_FORTIFY_SOURCE=2;-Wformat;-Werror=format-security;;-O3;-march=armv8-a+simd;-std=c++17
Id flags: --target=arm-arm-none-eabi;-mcpu=cortex-m3 

The output was:
1
clang++: error: the clang compiler does not support '-march=armv8-a+simd'


Compiling the CXX compiler identification source file "CMakeCXXCompilerId.cpp" failed.
Compiler: C:/Users/Sanna/AppData/Local/Android/Sdk/ndk/25.1.8937393/toolchains/llvm/prebuilt/windows-x86_64/bin/clang++.exe 
Build flags: -g;-DANDROID;-fdata-sections;-ffunction-sections;-funwind-tables;-fstack-protector-strong;-no-canonical-prefixes;-D_FORTIFY_SOURCE=2;-Wformat;-Werror=format-security;;-O3;-march=armv8-a+simd;-std=c++17
Id flags: -c;-I__does_not_exist__ 

The output was:
1
error: unknown target CPU 'armv8-a+simd'
note: valid target CPU values are: nocona, core2, penryn, bonnell, atom, silvermont, slm, goldmont, goldmont-plus, tremont, nehalem, corei7, westmere, sandybridge, corei7-avx, ivybridge, core-avx-i, haswell, core-avx2, broadwell, skylake, skylake-avx512, skx, cascadelake, cooperlake, cannonlake, icelake-client, rocketlake, icelake-server, tigerlake, sapphirerapids, alderlake, knl, knm, k8, athlon64, athlon-fx, opteron, k8-sse3, athlon64-sse3, opteron-sse3, amdfam10, barcelona, btver1, btver2, bdver1, bdver2, bdver3, bdver4, znver1, znver2, znver3, x86-64, x86-64-v2, x86-64-v3, x86-64-v4


Detecting CXX compiler ABI info failed to compile with the following output:
Change Dir: C:/Users/Sanna/AndroidStudioProjects/TheHapticPath-app/app/.cxx/Debug/6c3e1x4v/x86_64/CMakeFiles/CMakeTmp

Run Build Command(s):C:\Users\Sanna\AppData\Local\Android\Sdk\cmake\3.22.1\bin\ninja.exe cmTC_ef6f8 && [1/2] Building CXX object CMakeFiles/cmTC_ef6f8.dir/CMakeCXXCompilerABI.cpp.o
FAILED: CMakeFiles/cmTC_ef6f8.dir/CMakeCXXCompilerABI.cpp.o 
C:\Users\Sanna\AppData\Local\Android\Sdk\ndk\25.1.8937393\toolchains\llvm\prebuilt\windows-x86_64\bin\clang++.exe --target=x86_64-none-linux-android26 --sysroot=C:/Users/Sanna/AppData/Local/Android/Sdk/ndk/25.1.8937393/toolchains/llvm/prebuilt/windows-x86_64/sysroot   -g -DANDROID -fdata-sections -ffunction-sections -funwind-tables -fstack-protector-strong -no-canonical-prefixes -D_FORTIFY_SOURCE=2 -Wformat  -O3 -march=armv8-a+simd -std=c++17  -fPIE   -v -MD -MT CMakeFiles/cmTC_ef6f8.dir/CMakeCXXCompilerABI.cpp.o -MF CMakeFiles\cmTC_ef6f8.dir\CMakeCXXCompilerABI.cpp.o.d -o CMakeFiles/cmTC_ef6f8.dir/CMakeCXXCompilerABI.cpp.o -c C:/Users/Sanna/AppData/Local/Android/Sdk/cmake/3.22.1/share/cmake-3.22/Modules/CMakeCXXCompilerABI.cpp
Android (8490178, based on r450784d) clang version 14.0.6 (https://android.googlesource.com/toolchain/llvm-project 4c603efb0cca074e9238af8b4106c30add4418f6)
Target: x86_64-none-linux-android26
Thread model: posix
InstalledDir: C:/Users/Sanna/AppData/Local/Android/Sdk/ndk/25.1.8937393/toolchains/llvm/prebuilt/windows-x86_64/bin
 (in-process)
 "C:/Users/Sanna/AppData/Local/Android/Sdk/ndk/25.1.8937393/toolchains/llvm/prebuilt/windows-x86_64/bin/clang++.exe" -cc1 -triple x86_64-none-linux-android26 -emit-obj --mrelax-relocations -disable-free -clear-ast-before-backend -disable-llvm-verifier -discard-value-names -main-file-name CMakeCXXCompilerABI.cpp -mrelocation-model pic -pic-level 2 -pic-is-pie -mframe-pointer=none -ffp-contract=on -fno-rounding-math -mconstructor-aliases -funwind-tables=2 -target-cpu armv8-a+simd -target-feature +sse4.2 -target-feature +popcnt -target-feature +cx16 -mllvm -treat-scalable-fixed-error-as-warning -debug-info-kind=constructor -dwarf-version=4 -debugger-tuning=gdb -v -ffunction-sections -fdata-sections -fcoverage-compilation-dir=C:/Users/Sanna/AndroidStudioProjects/TheHapticPath-app/app/.cxx/Debug/6c3e1x4v/x86_64/CMakeFiles/CMakeTmp -resource-dir C:/Users/Sanna/AppData/Local/Android/Sdk/ndk/25.1.8937393/toolchains/llvm/prebuilt/windows-x86_64/lib64/clang/14.0.6 -dependency-file "CMakeFiles\\cmTC_ef6f8.dir\\CMakeCXXCompilerABI.cpp.o.d" -MT CMakeFiles/cmTC_ef6f8.dir/CMakeCXXCompilerABI.cpp.o -sys-header-deps -D ANDROID -D _FORTIFY_SOURCE=2 -isysroot C:/Users/Sanna/AppData/Local/Android/Sdk/ndk/25.1.8937393/toolchains/llvm/prebuilt/windows-x86_64/sysroot -internal-isystem C:/Users/Sanna/AppData/Local/Android/Sdk/ndk/25.1.8937393/toolchains/llvm/prebuilt/windows-x86_64/sysroot/usr/include/c++/v1 -internal-isystem C:/Users/Sanna/AppData/Local/Android/Sdk/ndk/25.1.8937393/toolchains/llvm/prebuilt/windows-x86_64/lib64/clang/14.0.6/include -internal-isystem C:/Users/Sanna/AppData/Local/Android/Sdk/ndk/25.1.8937393/toolchains/llvm/prebuilt/windows-x86_64/sysroot/usr/local/include -internal-externc-isystem C:/Users/Sanna/AppData/Local/Android/Sdk/ndk/25.1.8937393/toolchains/llvm/prebuilt/windows-x86_64/sysroot/usr/include/x86_64-linux-android -internal-externc-isystem C:/Users/Sanna/AppData/Local/Android/Sdk/ndk/25.1.8937393/toolchains/llvm/prebuilt/windows-x86_64/sysroot/include -internal-externc-isystem C:/Users/Sanna/AppData/Local/Android/Sdk/ndk/25.1.8937393/toolchains/llvm/prebuilt/windows-x86_64/sysroot/usr/include -O3 -Wformat -std=c++17 -fdeprecated-macro -fdebug-compilation-dir=C:/Users/Sanna/AndroidStudioProjects/TheHapticPath-app/app/.cxx/Debug/6c3e1x4v/x86_64/CMakeFiles/CMakeTmp -ferror-limit 19 -stack-protector 2 -fgnuc-version=4.2.1 -fcxx-exceptions -fexceptions -vectorize-loops -vectorize-slp -D__GCC_HAVE_DWARF2_CFI_ASM=1 -o CMakeFiles/cmTC_ef6f8.dir/CMakeCXXCompilerABI.cpp.o -x c++ C:/Users/Sanna/AppData/Local/Android/Sdk/cmake/3.22.1/share/cmake-3.22/Modules/CMakeCXXCompilerABI.cpp
error: unknown target CPU 'armv8-a+simd'
note: valid target CPU values are: nocona, core2, penryn, bonnell, atom, silvermont, slm, goldmont, goldmont-plus, tremont, nehalem, corei7, westmere, sandybridge, corei7-avx, ivybridge, core-avx-i, haswell, core-avx2, broadwell, skylake, skylake-avx512, skx, cascadelake, cooperlake, cannonlake, icelake-client, rocketlake, icelake-server, tigerlake, sapphirerapids, alderlake, knl, knm, k8, athlon64, athlon-fx, opteron, k8-sse3, athlon64-sse3, opteron-sse3, amdfam10, barcelona, btver1, btver2, bdver1, bdver2, bdver3, bdver4, znver1, znver2, znver3, x86-64, x86-64-v2, x86-64-v3, x86-64-v4
ninja: build stopped: subcommand failed.




Determining if the CXX compiler works failed with the following output:
Change Dir: C:/Users/Sanna/AndroidStudioProjects/TheHapticPath-app/app/.cxx/Debug/6c3e1x4v/x86_64/CMakeFiles/CMakeTmp

Run Build Command(s):C:\Users\Sanna\AppData\Local\Android\Sdk\cmake\3.22.1\bin\ninja.exe cmTC_d9934 && [1/2] Building CXX object CMakeFiles/cmTC_d9934.dir/testCXXCompiler.cxx.o
FAILED: CMakeFiles/cmTC_d9934.dir/testCXXCompiler.cxx.o 
C:\Users\Sanna\AppData\Local\Android\Sdk\ndk\25.1.8937393\toolchains\llvm\prebuilt\windows-x86_64\bin\clang++.exe --target=x86_64-none-linux-android26 --sysroot=C:/Users/Sanna/AppData/Local/Android/Sdk/ndk/25.1.8937393/toolchains/llvm/prebuilt/windows-x86_64/sysroot   -g -DANDROID -fdata-sections -ffunction-sections -funwind-tables -fstack-protector-strong -no-canonical-prefixes -D_FORTIFY_SOURCE=2 -Wformat -Werror=format-security  -O3 -march=armv8-a+simd -std=c++17  -fPIE -MD -MT CMakeFiles/cmTC_d9934.dir/testCXXCompiler.cxx.o -MF CMakeFiles\cmTC_d9934.dir\testCXXCompiler.cxx.o.d -o CMakeFiles/cmTC_d9934.dir/testCXXCompiler.cxx.o -c C:/Users/Sanna/AndroidStudioProjects/TheHapticPath-app/app/.cxx/Debug/6c3e1x4v/x86_64/CMakeFiles/CMakeTmp/testCXXCompiler.cxx
error: unknown target CPU 'armv8-a+simd'
note: valid target CPU values are: nocona, core2, penryn, bonnell, atom, silvermont, slm, goldmont, goldmont-plus, tremont, nehalem, corei7, westmere, sandybridge, corei7-avx, ivybridge, core-avx-i, haswell, core-avx2, broadwell, skylake, skylake-avx512, skx, cascadelake, cooperlake, cannonlake, icelake-client, rocketlake, icelake-server, tigerlake, sapphirerapids, alderlake, knl, knm, k8, athlon64, athlon-fx, opteron, k8-sse3, athlon64-sse3, opteron-sse3, amdfam10, barcelona, btver1, btver2, bdver1, bdver2, bdver3, bdver4, znver1, znver2, znver3, x86-64, x86-64-v2, x86-64-v3, x86-64-v4
ninja: build stopped: subcommand failed.



